../Core/Src/main.c:303:6:SystemClock_Config	88	static,ignoring_inline_asm
../Core/Src/main.c:764:6:HAL_ADC_ConvCpltCallback	24	static
../Core/Src/main.c:814:6:HAL_TIM_PeriodElapsedCallback	0	static
../Core/Src/main.c:842:6:HAL_GPIO_EXTI_Callback	8	static
../Core/Src/main.c:855:6:HDC2080_Init	48	static
../Core/Src/main.c:875:6:HDC2080_Reset	32	static
../Core/Src/main.c:880:6:HDC2080_Read	48	static
../Core/Src/main.c:898:6:WakeUp	24	static
../Core/Src/main.c:964:6:GetTimeDate	32	static
../Core/Src/main.c:976:6:WriteToDisplay	152	static
../Core/Src/main.c:1519:6:GoSleep	8	static
../Core/Src/main.c:1530:9:ReadButton	0	static
../Core/Src/main.c:1557:9:GetEncoder	0	static
../Core/Src/main.c:1572:6:ButtonShortPressHandler	8	static
../Core/Src/main.c:1627:6:ButtonLongPressHandler	24	static,ignoring_inline_asm
../Core/Src/main.c:1534:6:HandleButton	24	static
../Core/Src/main.c:1737:6:EncoderRight	16	static
../Core/Src/main.c:1835:6:EncoderLeft	24	static
../Core/Src/main.c:1561:6:HandleEncoder	16	static
../Core/Src/main.c:213:5:main	128	static,ignoring_inline_asm
../Core/Src/main.c:1972:6:HAL_RTC_AlarmAEventCallback	24	static
../Core/Src/main.c:1987:10:rtc_to_seconds	56	static
../Core/Src/main.c:1998:6:Now_Time	8	static
../Core/Src/main.c:2016:6:Error_Handler	0	static,ignoring_inline_asm
