../Core/Src/main.c:306:6:SystemClock_Config	88	static,ignoring_inline_asm
../Core/Src/main.c:767:6:HAL_ADC_ConvCpltCallback	24	static
../Core/Src/main.c:817:6:HAL_TIM_PeriodElapsedCallback	16	static
../Core/Src/main.c:900:6:HAL_GPIO_EXTI_Callback	8	static
../Core/Src/main.c:913:6:HDC2080_Init	48	static
../Core/Src/main.c:933:6:HDC2080_Reset	32	static
../Core/Src/main.c:938:6:HDC2080_Read	48	static
../Core/Src/main.c:956:6:WakeUp	24	static
../Core/Src/main.c:1022:6:GetTimeDate	32	static
../Core/Src/main.c:1034:6:WriteToDisplay	152	static
../Core/Src/main.c:1577:6:GoSleep	8	static
../Core/Src/main.c:1588:9:ReadButton	0	static
../Core/Src/main.c:1615:9:GetEncoder	0	static
../Core/Src/main.c:1630:6:ButtonShortPressHandler	8	static
../Core/Src/main.c:1684:6:ButtonLongPressHandler	24	static,ignoring_inline_asm
../Core/Src/main.c:1592:6:HandleButton	24	static
../Core/Src/main.c:1794:6:EncoderRight	16	static
../Core/Src/main.c:1892:6:EncoderLeft	24	static
../Core/Src/main.c:1619:6:HandleEncoder	16	static
../Core/Src/main.c:219:5:main	128	static,ignoring_inline_asm
../Core/Src/main.c:2029:6:HAL_RTC_AlarmAEventCallback	24	static
../Core/Src/main.c:2040:10:rtc_to_seconds	56	static
../Core/Src/main.c:2051:6:Now_Time	8	static
../Core/Src/main.c:2069:6:Error_Handler	0	static,ignoring_inline_asm
