../Core/Src/main.c:309:6:SystemClock_Config	88	static,ignoring_inline_asm
../Core/Src/main.c:770:6:HAL_ADC_ConvCpltCallback	24	static
../Core/Src/main.c:820:6:HAL_TIM_PeriodElapsedCallback	16	static
../Core/Src/main.c:898:6:HAL_GPIO_EXTI_Callback	8	static
../Core/Src/main.c:911:6:HDC2080_Init	48	static
../Core/Src/main.c:931:6:HDC2080_Reset	32	static
../Core/Src/main.c:936:6:HDC2080_Read	48	static
../Core/Src/main.c:954:6:WakeUp	24	static
../Core/Src/main.c:1020:6:GetTimeDate	32	static
../Core/Src/main.c:1032:6:WriteToDisplay	152	static
../Core/Src/main.c:1575:6:GoSleep	8	static
../Core/Src/main.c:1586:9:ReadButton	0	static
../Core/Src/main.c:1613:9:GetEncoder	0	static
../Core/Src/main.c:1628:6:ButtonShortPressHandler	8	static
../Core/Src/main.c:1683:6:ButtonLongPressHandler	24	static,ignoring_inline_asm
../Core/Src/main.c:1590:6:HandleButton	24	static
../Core/Src/main.c:1793:6:EncoderRight	16	static
../Core/Src/main.c:1891:6:EncoderLeft	24	static
../Core/Src/main.c:1617:6:HandleEncoder	16	static
../Core/Src/main.c:219:5:main	128	static,ignoring_inline_asm
../Core/Src/main.c:2028:6:HAL_RTC_AlarmAEventCallback	24	static
../Core/Src/main.c:2043:10:rtc_to_seconds	56	static
../Core/Src/main.c:2054:6:Now_Time	8	static
../Core/Src/main.c:2072:6:Error_Handler	0	static,ignoring_inline_asm
