../Core/Src/main.c:314:6:SystemClock_Config	88	static,ignoring_inline_asm
../Core/Src/main.c:775:6:HAL_ADC_ConvCpltCallback	24	static
../Core/Src/main.c:825:6:HAL_TIM_PeriodElapsedCallback	16	static
../Core/Src/main.c:958:6:HAL_GPIO_EXTI_Callback	8	static
../Core/Src/main.c:971:6:HDC2080_Init	48	static
../Core/Src/main.c:991:6:HDC2080_Reset	32	static
../Core/Src/main.c:996:6:HDC2080_Read	48	static
../Core/Src/main.c:1014:6:WakeUp	24	static
../Core/Src/main.c:1080:6:GetTimeDate	32	static
../Core/Src/main.c:1092:6:WriteToDisplay	152	static
../Core/Src/main.c:1649:6:GoSleep	8	static
../Core/Src/main.c:1660:9:ReadButton	0	static
../Core/Src/main.c:1687:9:GetEncoder	0	static
../Core/Src/main.c:1702:6:ButtonShortPressHandler	8	static
../Core/Src/main.c:1756:6:ButtonLongPressHandler	24	static,ignoring_inline_asm
../Core/Src/main.c:1664:6:HandleButton	24	static
../Core/Src/main.c:1866:6:EncoderRight	16	static
../Core/Src/main.c:1962:6:EncoderLeft	24	static
../Core/Src/main.c:1691:6:HandleEncoder	16	static
../Core/Src/main.c:227:5:main	128	static,ignoring_inline_asm
../Core/Src/main.c:2095:6:HAL_RTC_AlarmAEventCallback	24	static
../Core/Src/main.c:2106:10:rtc_to_seconds	56	static
../Core/Src/main.c:2117:6:Now_Time	8	static
../Core/Src/main.c:2135:6:Error_Handler	0	static,ignoring_inline_asm
