../Core/Src/main.c:314:6:SystemClock_Config	4
../Core/Src/main.c:775:6:HAL_ADC_ConvCpltCallback	20
../Core/Src/main.c:825:6:HAL_TIM_PeriodElapsedCallback	40
../Core/Src/main.c:958:6:HAL_GPIO_EXTI_Callback	2
../Core/Src/main.c:971:6:HDC2080_Init	1
../Core/Src/main.c:991:6:HDC2080_Reset	1
../Core/Src/main.c:996:6:HDC2080_Read	1
../Core/Src/main.c:1014:6:WakeUp	9
../Core/Src/main.c:1080:6:GetTimeDate	1
../Core/Src/main.c:1092:6:WriteToDisplay	108
../Core/Src/main.c:1649:6:GoSleep	1
../Core/Src/main.c:1660:9:ReadButton	1
../Core/Src/main.c:1687:9:GetEncoder	1
../Core/Src/main.c:1702:6:ButtonShortPressHandler	10
../Core/Src/main.c:1756:6:ButtonLongPressHandler	25
../Core/Src/main.c:1664:6:HandleButton	7
../Core/Src/main.c:1866:6:EncoderRight	80
../Core/Src/main.c:1962:6:EncoderLeft	84
../Core/Src/main.c:1691:6:HandleEncoder	3
../Core/Src/main.c:227:5:main	27
../Core/Src/main.c:2095:6:HAL_RTC_AlarmAEventCallback	2
../Core/Src/main.c:2106:10:rtc_to_seconds	1
../Core/Src/main.c:2117:6:Now_Time	2
../Core/Src/main.c:2135:6:Error_Handler	1
