../Core/Src/main.c:303:6:SystemClock_Config	4
../Core/Src/main.c:764:6:HAL_ADC_ConvCpltCallback	20
../Core/Src/main.c:814:6:HAL_TIM_PeriodElapsedCallback	3
../Core/Src/main.c:842:6:HAL_GPIO_EXTI_Callback	2
../Core/Src/main.c:855:6:HDC2080_Init	1
../Core/Src/main.c:875:6:HDC2080_Reset	1
../Core/Src/main.c:880:6:HDC2080_Read	1
../Core/Src/main.c:898:6:WakeUp	9
../Core/Src/main.c:964:6:GetTimeDate	1
../Core/Src/main.c:976:6:WriteToDisplay	114
../Core/Src/main.c:1519:6:GoSleep	1
../Core/Src/main.c:1530:9:ReadButton	1
../Core/Src/main.c:1557:9:GetEncoder	1
../Core/Src/main.c:1572:6:ButtonShortPressHandler	11
../Core/Src/main.c:1627:6:ButtonLongPressHandler	25
../Core/Src/main.c:1534:6:HandleButton	7
../Core/Src/main.c:1737:6:EncoderRight	84
../Core/Src/main.c:1835:6:EncoderLeft	91
../Core/Src/main.c:1561:6:HandleEncoder	3
../Core/Src/main.c:213:5:main	27
../Core/Src/main.c:1972:6:HAL_RTC_AlarmAEventCallback	2
../Core/Src/main.c:1987:10:rtc_to_seconds	1
../Core/Src/main.c:1998:6:Now_Time	2
../Core/Src/main.c:2016:6:Error_Handler	1
